/Volumes/D/ViettelAuto/workspace_VTLIMEX/ELPISCLOTHING_SELENIUM_QUYNH/src/test/java/elpisclothing/StepsDefinitions/Product_Search_PageDefinitions.java
/Volumes/D/ViettelAuto/workspace_VTLIMEX/ELPISCLOTHING_SELENIUM_QUYNH/src/test/java/elpisclothing/StepsDefinitions/ShareContextData.java
/Volumes/D/ViettelAuto/workspace_VTLIMEX/ELPISCLOTHING_SELENIUM_QUYNH/src/test/java/elpisclothing/testRunner/elpisclothingTestRunner.java
/Volumes/D/ViettelAuto/workspace_VTLIMEX/ELPISCLOTHING_SELENIUM_QUYNH/src/test/java/elpisclothing/StepsDefinitions/Home_PageDefinitions.java
/Volumes/D/ViettelAuto/workspace_VTLIMEX/ELPISCLOTHING_SELENIUM_QUYNH/src/test/java/elpisclothing/StepsDefinitions/Product_Cart_PageDefinitions.java
/Volumes/D/ViettelAuto/workspace_VTLIMEX/ELPISCLOTHING_SELENIUM_QUYNH/src/test/java/elpisclothing/StepsDefinitions/Menu_PageDefinitions.java
/Volumes/D/ViettelAuto/workspace_VTLIMEX/ELPISCLOTHING_SELENIUM_QUYNH/src/test/java/elpisclothing/StepsDefinitions/Account_PageDefinitions.java
/Volumes/D/ViettelAuto/workspace_VTLIMEX/ELPISCLOTHING_SELENIUM_QUYNH/src/test/java/elpisclothing/StepsDefinitions/Login_PageDefinitions.java
/Volumes/D/ViettelAuto/workspace_VTLIMEX/ELPISCLOTHING_SELENIUM_QUYNH/src/test/java/elpisclothing/StepsDefinitions/Product_ViewDetal_PageDefinitions.java
