/Volumes/D/ViettelAuto/workspace_VTLIMEX/ELPISCLOTHING_SELENIUM_QUYNH/src/main/java/elpisclothing/pageUIs/Home_PageUI.java
/Volumes/D/ViettelAuto/workspace_VTLIMEX/ELPISCLOTHING_SELENIUM_QUYNH/src/main/java/elpisclothing/pageUIs/Product_Cart_PageUI.java
/Volumes/D/ViettelAuto/workspace_VTLIMEX/ELPISCLOTHING_SELENIUM_QUYNH/src/main/java/elpisclothing/pageObjects/Product_ViewDetail_PageObject.java
/Volumes/D/ViettelAuto/workspace_VTLIMEX/ELPISCLOTHING_SELENIUM_QUYNH/src/main/java/elpisclothing/pageObjects/Home_PageObject.java
/Volumes/D/ViettelAuto/workspace_VTLIMEX/ELPISCLOTHING_SELENIUM_QUYNH/src/main/java/elpisclothing/pageUIs/Product_Search_PageUI.java
/Volumes/D/ViettelAuto/workspace_VTLIMEX/ELPISCLOTHING_SELENIUM_QUYNH/src/main/java/elpisclothing/pageObjects/Login_PageObject.java
/Volumes/D/ViettelAuto/workspace_VTLIMEX/ELPISCLOTHING_SELENIUM_QUYNH/src/main/java/elpisclothing/pageUIs/Product_ViewDetail_PageUI.java
/Volumes/D/ViettelAuto/workspace_VTLIMEX/ELPISCLOTHING_SELENIUM_QUYNH/src/main/java/elpisclothing/pageObjects/Product_Cart_PageObject.java
/Volumes/D/ViettelAuto/workspace_VTLIMEX/ELPISCLOTHING_SELENIUM_QUYNH/src/main/java/elpisclothing/pageUIs/Account_PageUI.java
/Volumes/D/ViettelAuto/workspace_VTLIMEX/ELPISCLOTHING_SELENIUM_QUYNH/src/main/java/common/CommonPageObject.java
/Volumes/D/ViettelAuto/workspace_VTLIMEX/ELPISCLOTHING_SELENIUM_QUYNH/src/main/java/elpisclothing/pageObjects/Menu_PageObject.java
/Volumes/D/ViettelAuto/workspace_VTLIMEX/ELPISCLOTHING_SELENIUM_QUYNH/src/main/java/elpisclothing/pageUIs/Login_PageUI.java
/Volumes/D/ViettelAuto/workspace_VTLIMEX/ELPISCLOTHING_SELENIUM_QUYNH/src/main/java/elpisclothing/pageUIs/Menu_PageUI.java
/Volumes/D/ViettelAuto/workspace_VTLIMEX/ELPISCLOTHING_SELENIUM_QUYNH/src/main/java/elpisclothing/pageObjects/Account_PageObject.java
/Volumes/D/ViettelAuto/workspace_VTLIMEX/ELPISCLOTHING_SELENIUM_QUYNH/src/main/java/elpisclothing/pageObjects/Product_Search_PageObject.java
